===== Monthly refresh started: Sat Aug 22 09:45:13 CDT 2026 =====
From https://github.com/wkalmans/OA
 * branch            main       -> FETCH_HEAD
Already up to date.
Wrote data/oa_marketed_drugs.csv (27 branded marketed drugs)
Fetching osteoarthritis therapeutic trials from ClinicalTrials.gov...
  page 1: 100 studies (total so far: 100)
  page 2: 100 studies (total so far: 200)
  page 3: 100 studies (total so far: 300)
  page 4: 100 studies (total so far: 400)
  page 5: 100 studies (total so far: 500)
  page 6: 100 studies (total so far: 600)
  page 7: 100 studies (total so far: 700)
  page 8: 100 studies (total so far: 800)
  page 9: 10 studies (total so far: 810)
Total trials fetched: 810
Trials with a therapeutic (drug/biologic/genetic/combo) intervention: 805
Unique assets identified: 613
Wrote data/oa_pipeline_branded_assets.csv (579 assets)
Wrote data/oa_marketed_branded_in_trials.csv (3 assets)
Wrote data/oa_generic_reference.csv (31 assets)
Wrote data/clinicaltrials_oa_trials_raw.json
Eli Lilly and Company: CIK 59478 (LLY), US domestic filer (10-K/10-Q), 64 filings indexed
Pfizer: CIK 78003 (PFE), US domestic filer (10-K/10-Q), 87 filings indexed
Novartis Pharmaceuticals: CIK 1114448 (NVS), Foreign private issuer (20-F/6-K), 596 filings indexed
Novo Nordisk A/S: CIK 353278 (NVO), Foreign private issuer (20-F/6-K), 903 filings indexed
Regeneron Pharmaceuticals: CIK 872589 (REGN), US domestic filer (10-K/10-Q), 125 filings indexed
Pacira Pharmaceuticals, Inc: CIK 1396814 (PCRX), US domestic filer (10-K/10-Q), 215 filings indexed
Biosplice Therapeutics, Inc.: no SEC filer found (likely private)
Kolon TissueGene, Inc.: no SEC filer found (likely private)
Organon and Co: CIK 1821825 (OGN), US domestic filer (10-K/10-Q), 69 filings indexed
Johnson & Johnson Pharmaceutical Research & Development, L.L.C.: CIK 200406 (JNJ), US domestic filer (10-K/10-Q), 136 filings indexed
GlaxoSmithKline: CIK 1131399 (GSK), Foreign private issuer (20-F/6-K), 912 filings indexed
AstraZeneca: CIK 901832 (AZN), Foreign private issuer (20-F/6-K), 825 filings indexed
Boehringer Ingelheim: no SEC filer found (likely private)
Grünenthal GmbH: no SEC filer found (likely private)
Centrexion Therapeutics: no SEC filer found (likely private)
Eupraxia Pharmaceuticals Inc.: CIK 1581178 (EPRX), Canadian MJDS filer (40-F/6-K), 90 filings indexed
Genascence Corporation: no SEC filer found (likely private)
Levicept: no SEC filer found (likely private)
Unity Biotechnology, Inc.: CIK 1463361 (None), US domestic filer (10-K/10-Q), 127 filings indexed
Merck Sharp & Dohme LLC: CIK 310158 (MRK), US domestic filer (10-K/10-Q), 117 filings indexed

Wrote data/sec_filer_summary.csv
